// Jest Snapshot v1, https://goo.gl/fbAQLP

exports[`renders Modal without crashing 1`] = `
<div
  class="modal"
  style="display: none;"
>
  <div
    class="modal-content"
  >
    <span
      class="close"
    >
      Ã—
    </span>
    <div>
      <div
        class="modal-flex"
      />
    </div>
  </div>
  <div
    class="modal-background"
  />
</div>
`;
