// Jest Snapshot v1, https://goo.gl/fbAQLP

exports[`renders DropDown without crashing 1`] = `
<div
  class="select-dd"
>
  <span />
</div>
`;
