// Jest Snapshot v1, https://goo.gl/fbAQLP

exports[`renders without crashing 1`] = `
<div>
  <div
    class="d-flex fd-col fa-center card details"
  >
    <div>
      <h1 />
    </div>
    <img
      alt=""
    />
    <h3>
      Status: 
    </h3>
    <h3>
      Species: 
    </h3>
    <h3>
      gender: 
    </h3>
    <h3>
      type: 
    </h3>
    <h3>
      Url: 
    </h3>
    <h3>
      Episodes
    </h3>
  </div>
</div>
`;
