// Jest Snapshot v1, https://goo.gl/fbAQLP

exports[`renders correctly 1`] = `
<button
  className="Button"
  disabled={true}
  onClick={[Function]}
/>
`;
