// Jest Snapshot v1, https://goo.gl/fbAQLP

exports[`renders PagerButton without crashing 1`] = `
<button
  class="btn"
/>
`;
